// Jest Snapshot v1, https://goo.gl/fbAQLP

exports[`component: Earnings should render initial layout 1`] = `
Array [
  <section
    id="earningsComponent"
  >
    <header
      className="head"
    >
      Earnings
    </header>
    <div
      className="chartDiv"
    >
      <div
        className="chartContainer"
      >
        <div
          className="innerChartContainer"
        >
          <div
            className="axes"
          >
            <YAxis
              yRange={Array []}
            />
            <DataPoints
              actual={
                Array [
                  "1Q 2017",
                  "$1.05",
                  "2Q 2017",
                  "$ 1.20",
                  "3Q 2017",
                  "$1.22",
                ]
              }
              estimate={
                Array [
                  "1Q 2017",
                  "$1.00",
                  "2Q 2017",
                  "$ 1.23",
                  "3Q 2017",
                  "$1.30",
                ]
              }
              yRange={Array []}
            />
            <XAxis
              dates={Array []}
            />
          </div>
        </div>
      </div>
    </div>
    <Description
      actual={
        Array [
          "1Q 2017",
          "$1.05",
          "2Q 2017",
          "$ 1.20",
          "3Q 2017",
          "$1.22",
        ]
      }
      estimate={
        Array [
          "1Q 2017",
          "$1.00",
          "2Q 2017",
          "$ 1.23",
          "3Q 2017",
          "$1.30",
        ]
      }
    />
  </section>,
]
`;
